// Jest Snapshot v1, https://goo.gl/fbAQLP

exports[`renders homepage unchanged 1`] = `
<div>
  <div
    class="container"
  >
    <div
      class="container"
    >
      <div
        class="topHeader"
      >
        <div
          class="logo"
        >
          <button>
            Atus dedos
          </button>
        </div>
        <div
          class="menu"
        >
          <button
            type="button"
          >
            Iniciar secion
          </button>
          <button
            type="button"
          >
            Crear cuenta
          </button>
        </div>
      </div>
    </div>
    <div
      class="intro"
    >
      <div
        class="intro__logo"
      >
        <div
          class="intro__imgFondo"
        >
          <span
            style="box-sizing: border-box; display: inline-block; overflow: hidden; background: none; opacity: 1; border: 0px; margin: 0px; padding: 0px; position: relative; max-width: 100%;"
          >
            <span
              style="box-sizing: border-box; display: block; background: none; opacity: 1; border: 0px; margin: 0px; padding: 0px; max-width: 100%;"
            >
              <img
                alt=""
                aria-hidden="true"
                src="data:image/svg+xml,%3csvg%20xmlns=%27http://www.w3.org/2000/svg%27%20version=%271.1%27%20width=%2750%27%20height=%2790%27/%3e"
                style="display: block; max-width: 100%; background: none; opacity: 1; border: 0px; margin: 0px; padding: 0px;"
              />
            </span>
            <img
              alt="Logo"
              data-nimg="intrinsic"
              decoding="async"
              src="data:image/gif;base64,R0lGODlhAQABAIAAAAAAAP///yH5BAEAAAAALAAAAAABAAEAAAIBRAA7"
              style="position: absolute; top: 0px; left: 0px; bottom: 0px; right: 0px; box-sizing: border-box; padding: 0px; margin: auto; display: block; width: 0px; height: 0px; min-width: 100%; max-width: 100%; min-height: 100%; max-height: 100%;"
            />
            <noscript />
          </span>
        </div>
        <div
          class="intro__text"
        >
          <p
            class="intro__text_title"
          >
            ¿que instrumento suena en ti?
          </p>
          <p
            class="intro__text_txt"
          >
            dale sonido, dale ritmo... dale vida 
          </p>
        </div>
      </div>
      <div
        class="intro__imgFondo"
      >
        <span
          style="box-sizing: border-box; display: inline-block; overflow: hidden; background: none; opacity: 1; border: 0px; margin: 0px; padding: 0px; position: relative; max-width: 100%;"
        >
          <span
            style="box-sizing: border-box; display: block; background: none; opacity: 1; border: 0px; margin: 0px; padding: 0px; max-width: 100%;"
          >
            <img
              alt=""
              aria-hidden="true"
              src="data:image/svg+xml,%3csvg%20xmlns=%27http://www.w3.org/2000/svg%27%20version=%271.1%27%20width=%27248%27%20height=%27482%27/%3e"
              style="display: block; max-width: 100%; background: none; opacity: 1; border: 0px; margin: 0px; padding: 0px;"
            />
          </span>
          <img
            alt="Logo"
            data-nimg="intrinsic"
            decoding="async"
            src="data:image/gif;base64,R0lGODlhAQABAIAAAAAAAP///yH5BAEAAAAALAAAAAABAAEAAAIBRAA7"
            style="position: absolute; top: 0px; left: 0px; bottom: 0px; right: 0px; box-sizing: border-box; padding: 0px; margin: auto; display: block; width: 0px; height: 0px; min-width: 100%; max-width: 100%; min-height: 100%; max-height: 100%;"
          />
          <noscript />
        </span>
      </div>
    </div>
    <main
      class="main"
    >
      <div
        class="courses"
      >
        <div
          class="course"
        >
          <p
            class="course__text_title"
          >
            para aprender a tocar
          </p>
          <div
            class="course__carts"
          >
            <div
              class="cart"
            >
              <div
                class="cart__information"
              >
                <span
                  style="box-sizing: border-box; display: inline-block; overflow: hidden; background: none; opacity: 1; border: 0px; margin: 0px; padding: 0px; position: relative; max-width: 100%;"
                >
                  <span
                    style="box-sizing: border-box; display: block; background: none; opacity: 1; border: 0px; margin: 0px; padding: 0px; max-width: 100%;"
                  >
                    <img
                      alt=""
                      aria-hidden="true"
                      src="data:image/svg+xml,%3csvg%20xmlns=%27http://www.w3.org/2000/svg%27%20version=%271.1%27%20width=%2785%27%20height=%2777.2%27/%3e"
                      style="display: block; max-width: 100%; background: none; opacity: 1; border: 0px; margin: 0px; padding: 0px;"
                    />
                  </span>
                  <img
                    alt="saxo"
                    data-nimg="intrinsic"
                    decoding="async"
                    src="data:image/gif;base64,R0lGODlhAQABAIAAAAAAAP///yH5BAEAAAAALAAAAAABAAEAAAIBRAA7"
                    style="position: absolute; top: 0px; left: 0px; bottom: 0px; right: 0px; box-sizing: border-box; padding: 0px; margin: auto; display: block; width: 0px; height: 0px; min-width: 100%; max-width: 100%; min-height: 100%; max-height: 100%;"
                  />
                  <noscript />
                </span>
                <p>
                  Saxofón alto
                </p>
              </div>
            </div>
            <div
              class="cart"
            >
              <div
                class="cart__information"
              >
                <span
                  style="box-sizing: border-box; display: inline-block; overflow: hidden; background: none; opacity: 1; border: 0px; margin: 0px; padding: 0px; position: relative; max-width: 100%;"
                >
                  <span
                    style="box-sizing: border-box; display: block; background: none; opacity: 1; border: 0px; margin: 0px; padding: 0px; max-width: 100%;"
                  >
                    <img
                      alt=""
                      aria-hidden="true"
                      src="data:image/svg+xml,%3csvg%20xmlns=%27http://www.w3.org/2000/svg%27%20version=%271.1%27%20width=%2785%27%20height=%2777.2%27/%3e"
                      style="display: block; max-width: 100%; background: none; opacity: 1; border: 0px; margin: 0px; padding: 0px;"
                    />
                  </span>
                  <img
                    alt="saxo"
                    data-nimg="intrinsic"
                    decoding="async"
                    src="data:image/gif;base64,R0lGODlhAQABAIAAAAAAAP///yH5BAEAAAAALAAAAAABAAEAAAIBRAA7"
                    style="position: absolute; top: 0px; left: 0px; bottom: 0px; right: 0px; box-sizing: border-box; padding: 0px; margin: auto; display: block; width: 0px; height: 0px; min-width: 100%; max-width: 100%; min-height: 100%; max-height: 100%;"
                  />
                  <noscript />
                </span>
                <p>
                  Violin
                </p>
              </div>
            </div>
          </div>
        </div>
        <div
          class="course"
        >
          <p
            class="course__text_title"
          >
            habilidades auditivas
          </p>
          <div
            class="course__carts"
          >
            <div
              class="cart"
            >
              <div
                class="cart__information"
              >
                <span
                  style="box-sizing: border-box; display: inline-block; overflow: hidden; background: none; opacity: 1; border: 0px; margin: 0px; padding: 0px; position: relative; max-width: 100%;"
                >
                  <span
                    style="box-sizing: border-box; display: block; background: none; opacity: 1; border: 0px; margin: 0px; padding: 0px; max-width: 100%;"
                  >
                    <img
                      alt=""
                      aria-hidden="true"
                      src="data:image/svg+xml,%3csvg%20xmlns=%27http://www.w3.org/2000/svg%27%20version=%271.1%27%20width=%2785%27%20height=%2777.2%27/%3e"
                      style="display: block; max-width: 100%; background: none; opacity: 1; border: 0px; margin: 0px; padding: 0px;"
                    />
                  </span>
                  <img
                    alt="saxo"
                    data-nimg="intrinsic"
                    decoding="async"
                    src="data:image/gif;base64,R0lGODlhAQABAIAAAAAAAP///yH5BAEAAAAALAAAAAABAAEAAAIBRAA7"
                    style="position: absolute; top: 0px; left: 0px; bottom: 0px; right: 0px; box-sizing: border-box; padding: 0px; margin: auto; display: block; width: 0px; height: 0px; min-width: 100%; max-width: 100%; min-height: 100%; max-height: 100%;"
                  />
                  <noscript />
                </span>
                <p>
                  oido perfecto
                </p>
              </div>
            </div>
          </div>
        </div>
        <div
          class="course"
        >
          <p
            class="course__text_title"
          >
            Practica
          </p>
          <div
            class="course__carts"
          >
            <div
              class="cart"
            >
              <div
                class="cart__information"
              >
                <span
                  style="box-sizing: border-box; display: inline-block; overflow: hidden; background: none; opacity: 1; border: 0px; margin: 0px; padding: 0px; position: relative; max-width: 100%;"
                >
                  <span
                    style="box-sizing: border-box; display: block; background: none; opacity: 1; border: 0px; margin: 0px; padding: 0px; max-width: 100%;"
                  >
                    <img
                      alt=""
                      aria-hidden="true"
                      src="data:image/svg+xml,%3csvg%20xmlns=%27http://www.w3.org/2000/svg%27%20version=%271.1%27%20width=%2785%27%20height=%2777.2%27/%3e"
                      style="display: block; max-width: 100%; background: none; opacity: 1; border: 0px; margin: 0px; padding: 0px;"
                    />
                  </span>
                  <img
                    alt="saxo"
                    data-nimg="intrinsic"
                    decoding="async"
                    src="data:image/gif;base64,R0lGODlhAQABAIAAAAAAAP///yH5BAEAAAAALAAAAAABAAEAAAIBRAA7"
                    style="position: absolute; top: 0px; left: 0px; bottom: 0px; right: 0px; box-sizing: border-box; padding: 0px; margin: auto; display: block; width: 0px; height: 0px; min-width: 100%; max-width: 100%; min-height: 100%; max-height: 100%;"
                  />
                  <noscript />
                </span>
                <p>
                  partituras
                </p>
              </div>
            </div>
          </div>
        </div>
      </div>
    </main>
    <footer
      class="footer"
    >
      <div
        class="footer__MainContent"
      >
        <div
          class="footer__MainContent_columns"
        >
          <div
            class="footer__MainContent_logo"
          >
            <button>
              atus dedos
            </button>
          </div>
          <div
            class="footer__MainContent_Right"
          >
            <div>
              <p>
                Escuela de musica
              </p>
            </div>
            <div
              class="footer__MainContent_Right_Columns"
            >
              <div
                class="footer__MainContent_Right_ColumnsItem"
              >
                <a
                  href="/"
                >
                  ¿Necesitas ayuda?
                </a>
                <a
                  href="/"
                >
                  Preguntas frecuentes
                </a>
              </div>
              <div
                class="footer__MainContent_Right_ColumnsItem"
              >
                <a
                  href="/"
                >
                  Aviso de privacidad
                </a>
                <a
                  href="/"
                >
                  Términos y Condiciones
                </a>
                <a
                  href="/"
                >
                  Estadísticas trimestrales
                </a>
              </div>
            </div>
          </div>
          <div
            class="footer__SocialContent"
          >
            <div
              class="footer__SocialContent_links"
            >
              <p>
                Visítanos en
              </p>
              <div
                class="footer__SocialContent_li"
              >
                <div
                  class="footer__SocialContent_link"
                >
                  <a
                    href="https://facebook.com"
                    target="_blank"
                  >
                    <span
                      style="box-sizing: border-box; display: inline-block; overflow: hidden; background: none; opacity: 1; border: 0px; margin: 0px; padding: 0px; position: relative; max-width: 100%;"
                    >
                      <span
                        style="box-sizing: border-box; display: block; background: none; opacity: 1; border: 0px; margin: 0px; padding: 0px; max-width: 100%;"
                      >
                        <img
                          alt=""
                          aria-hidden="true"
                          src="data:image/svg+xml,%3csvg%20xmlns=%27http://www.w3.org/2000/svg%27%20version=%271.1%27%20width=%2727%27%20height=%2727%27/%3e"
                          style="display: block; max-width: 100%; background: none; opacity: 1; border: 0px; margin: 0px; padding: 0px;"
                        />
                      </span>
                      <img
                        alt="facebook"
                        data-nimg="intrinsic"
                        decoding="async"
                        src="data:image/gif;base64,R0lGODlhAQABAIAAAAAAAP///yH5BAEAAAAALAAAAAABAAEAAAIBRAA7"
                        style="position: absolute; top: 0px; left: 0px; bottom: 0px; right: 0px; box-sizing: border-box; padding: 0px; margin: auto; display: block; width: 0px; height: 0px; min-width: 100%; max-width: 100%; min-height: 100%; max-height: 100%;"
                      />
                      <noscript />
                    </span>
                  </a>
                </div>
                <div
                  class="footer__SocialContent_link"
                >
                  <a
                    href="https://instagram.com"
                    target="_blank"
                  >
                    <span
                      style="box-sizing: border-box; display: inline-block; overflow: hidden; background: none; opacity: 1; border: 0px; margin: 0px; padding: 0px; position: relative; max-width: 100%;"
                    >
                      <span
                        style="box-sizing: border-box; display: block; background: none; opacity: 1; border: 0px; margin: 0px; padding: 0px; max-width: 100%;"
                      >
                        <img
                          alt=""
                          aria-hidden="true"
                          src="data:image/svg+xml,%3csvg%20xmlns=%27http://www.w3.org/2000/svg%27%20version=%271.1%27%20width=%2727%27%20height=%2727%27/%3e"
                          style="display: block; max-width: 100%; background: none; opacity: 1; border: 0px; margin: 0px; padding: 0px;"
                        />
                      </span>
                      <img
                        alt="instagram"
                        data-nimg="intrinsic"
                        decoding="async"
                        src="data:image/gif;base64,R0lGODlhAQABAIAAAAAAAP///yH5BAEAAAAALAAAAAABAAEAAAIBRAA7"
                        style="position: absolute; top: 0px; left: 0px; bottom: 0px; right: 0px; box-sizing: border-box; padding: 0px; margin: auto; display: block; width: 0px; height: 0px; min-width: 100%; max-width: 100%; min-height: 100%; max-height: 100%;"
                      />
                      <noscript />
                    </span>
                  </a>
                </div>
                <div
                  class="footer__SocialContent_link"
                >
                  <a
                    href="https://twitter.com"
                    target="_blank"
                  >
                    <span
                      style="box-sizing: border-box; display: inline-block; overflow: hidden; background: none; opacity: 1; border: 0px; margin: 0px; padding: 0px; position: relative; max-width: 100%;"
                    >
                      <span
                        style="box-sizing: border-box; display: block; background: none; opacity: 1; border: 0px; margin: 0px; padding: 0px; max-width: 100%;"
                      >
                        <img
                          alt=""
                          aria-hidden="true"
                          src="data:image/svg+xml,%3csvg%20xmlns=%27http://www.w3.org/2000/svg%27%20version=%271.1%27%20width=%2727%27%20height=%2727%27/%3e"
                          style="display: block; max-width: 100%; background: none; opacity: 1; border: 0px; margin: 0px; padding: 0px;"
                        />
                      </span>
                      <img
                        alt="twitter"
                        data-nimg="intrinsic"
                        decoding="async"
                        src="data:image/gif;base64,R0lGODlhAQABAIAAAAAAAP///yH5BAEAAAAALAAAAAABAAEAAAIBRAA7"
                        style="position: absolute; top: 0px; left: 0px; bottom: 0px; right: 0px; box-sizing: border-box; padding: 0px; margin: auto; display: block; width: 0px; height: 0px; min-width: 100%; max-width: 100%; min-height: 100%; max-height: 100%;"
                      />
                      <noscript />
                    </span>
                  </a>
                </div>
              </div>
            </div>
          </div>
        </div>
      </div>
      <div
        class="footer__Copyrights"
      >
        <p>
          <a
            href="/"
          >
            atusdedos.com®
          </a>
          Todos los Derechos Reservados 2022
        </p>
      </div>
    </footer>
  </div>
</div>
`;
